[2026-08-28 14:19:12] === Linia Montazowa LEGO - restart uslug (tryb w tle) ===
[2026-08-28 14:19:12] Zatrzymuje stare procesy (jesli dzialaja)...
[2026-08-28 14:19:14] Uruchamiam Dashboard na http://localhost:5200 (w tle)...
[2026-08-28 14:19:14] Uruchamiam Middleware (polaczenie z PLC) w tle...
[2026-08-28 14:19:14] Czekam az strona wstanie...
[2026-08-28 14:19:15] Gotowe! Strona dziala pod http://localhost:5200 (dziala w tle, brak okien).
[2026-08-28 14:19:15] Middleware dziala w tle - status sprawdzisz w logs\middleware.log (np. czy polaczyl sie z PLC).
[2026-08-28 14:19:53] === Linia Montazowa LEGO - restart uslug (tryb w tle) ===
[2026-08-28 14:19:53] Zatrzymuje stare procesy (jesli dzialaja)...
[2026-08-28 14:19:55] Uruchamiam Dashboard na http://localhost:5200 (w tle)...
[2026-08-28 14:19:55] Uruchamiam Middleware (polaczenie z PLC) w tle...
[2026-08-28 14:19:55] Czekam az strona wstanie...
[2026-08-28 14:19:56] Gotowe! Strona dziala pod http://localhost:5200 (dziala w tle, brak okien).
[2026-08-28 14:19:56] Middleware dziala w tle - status sprawdzisz w logs\middleware.log (np. czy polaczyl sie z PLC).
[2026-08-28 14:25:15] === Linia Montazowa LEGO - restart uslug (tryb w tle) ===
[2026-08-28 14:25:15] Zatrzymuje stare procesy (jesli dzialaja)...
[2026-08-28 14:25:17] Uruchamiam Dashboard na http://localhost:5200 (w tle)...
[2026-08-28 14:25:17] Uruchamiam Middleware (polaczenie z PLC) w tle...
[2026-08-28 14:25:17] Czekam az strona wstanie...
[2026-08-28 14:25:18] Gotowe! Strona dziala pod http://localhost:5200 (dziala w tle, brak okien).
[2026-08-28 14:25:18] Middleware dziala w tle - status sprawdzisz w logs\middleware.log (np. czy polaczyl sie z PLC).
[2026-08-28 14:30:53] === Linia Montazowa LEGO - restart uslug (tryb w tle) ===
[2026-08-28 14:30:53] Zatrzymuje stare procesy (jesli dzialaja)...
[2026-08-28 14:30:55] Uruchamiam Dashboard na http://localhost:5200 (w tle)...
[2026-08-28 14:30:55] Uruchamiam Middleware (polaczenie z PLC) w tle...
[2026-08-28 14:30:55] Czekam az strona wstanie...
[2026-08-28 14:30:56] Gotowe! Strona dziala pod http://localhost:5200 (dziala w tle, brak okien).
[2026-08-28 14:30:56] Middleware dziala w tle - status sprawdzisz w logs\middleware.log (np. czy polaczyl sie z PLC).
[2026-08-28 14:54:10] === Linia Montazowa LEGO - restart uslug (tryb w tle) ===
[2026-08-28 14:54:10] Zatrzymuje stare procesy (jesli dzialaja)...
[2026-08-28 14:54:12] Uruchamiam Dashboard na http://localhost:5200 (w tle)...
[2026-08-28 14:54:12] Uruchamiam Middleware (polaczenie z PLC) w tle...
[2026-08-28 14:54:12] Czekam az strona wstanie...
[2026-08-28 14:54:13] Gotowe! Strona dziala pod http://localhost:5200 (dziala w tle, brak okien).
[2026-08-28 14:54:13] Middleware dziala w tle - status sprawdzisz w logs\middleware.log (np. czy polaczyl sie z PLC).
[2026-08-28 15:09:44] === Linia Montazowa LEGO - restart uslug (tryb w tle) ===
[2026-08-28 15:09:45] Zatrzymuje stare procesy (jesli dzialaja)...
[2026-08-28 15:09:47] Uruchamiam Dashboard na http://localhost:5200 (w tle)...
[2026-08-28 15:09:47] Uruchamiam Middleware (polaczenie z PLC) w tle...
[2026-08-28 15:09:47] Czekam az strona wstanie...
[2026-08-28 15:09:48] Gotowe! Strona dziala pod http://localhost:5200 (dziala w tle, brak okien).
[2026-08-28 15:09:48] Middleware dziala w tle - status sprawdzisz w logs\middleware.log (np. czy polaczyl sie z PLC).
[2026-08-28 15:35:27] === Linia Montazowa LEGO - restart uslug (tryb w tle) ===
[2026-08-28 15:35:27] Zatrzymuje stare procesy (jesli dzialaja)...
[2026-08-28 15:35:29] Uruchamiam Dashboard na http://localhost:5200 (w tle)...
[2026-08-28 15:35:29] Uruchamiam Middleware (polaczenie z PLC) w tle...
[2026-08-28 15:35:29] Czekam az strona wstanie...
[2026-08-28 15:35:30] Gotowe! Strona dziala pod http://localhost:5200 (dziala w tle, brak okien).
[2026-08-28 15:35:30] Middleware dziala w tle - status sprawdzisz w logs\middleware.log (np. czy polaczyl sie z PLC).
[2026-08-28 15:40:04] === Linia Montazowa LEGO - restart uslug (tryb w tle) ===
[2026-08-28 15:40:04] Zatrzymuje stare procesy (jesli dzialaja)...
[2026-08-28 15:40:06] Uruchamiam Dashboard na http://localhost:5200 (w tle)...
[2026-08-28 15:40:07] Uruchamiam Middleware (polaczenie z PLC) w tle...
[2026-08-28 15:40:07] Czekam az strona wstanie...
[2026-08-28 15:40:08] Gotowe! Strona dziala pod http://localhost:5200 (dziala w tle, brak okien).
[2026-08-28 15:40:08] Middleware dziala w tle - status sprawdzisz w logs\middleware.log (np. czy polaczyl sie z PLC).
[2026-08-28 16:10:23] === Linia Montazowa LEGO - restart uslug (tryb w tle) ===
[2026-08-28 16:10:23] Zatrzymuje stare procesy (jesli dzialaja)...
[2026-08-28 16:10:25] Uruchamiam Dashboard na http://localhost:5200 (w tle)...
[2026-08-28 16:10:25] Uruchamiam Middleware (polaczenie z PLC) w tle...
[2026-08-28 16:10:25] Czekam az strona wstanie...
[2026-08-28 16:10:26] Gotowe! Strona dziala pod http://localhost:5200 (dziala w tle, brak okien).
[2026-08-28 16:10:26] Middleware dziala w tle - status sprawdzisz w logs\middleware.log (np. czy polaczyl sie z PLC).
[2026-08-28 16:39:12] === Linia Montazowa LEGO - restart uslug (tryb w tle) ===
[2026-08-28 16:39:13] Zatrzymuje stare procesy (jesli dzialaja)...
[2026-08-28 16:39:15] Uruchamiam Dashboard na http://localhost:5200 (w tle)...
[2026-08-28 16:39:15] Uruchamiam Middleware (polaczenie z PLC) w tle...
[2026-08-28 16:39:15] Czekam az strona wstanie...
[2026-08-28 16:39:16] Gotowe! Strona dziala pod http://localhost:5200 (dziala w tle, brak okien).
[2026-08-28 16:39:16] Middleware dziala w tle - status sprawdzisz w logs\middleware.log (np. czy polaczyl sie z PLC).
[2026-08-28 16:42:24] === Linia Montazowa LEGO - restart uslug (tryb w tle) ===
[2026-08-28 16:42:24] Zatrzymuje stare procesy (jesli dzialaja)...
[2026-08-28 16:42:26] Uruchamiam Dashboard na http://localhost:5200 (w tle)...
[2026-08-28 16:42:26] Uruchamiam Middleware (polaczenie z PLC) w tle...
[2026-08-28 16:42:26] Czekam az strona wstanie...
[2026-08-28 16:42:27] Gotowe! Strona dziala pod http://localhost:5200 (dziala w tle, brak okien).
[2026-08-28 16:42:27] Middleware dziala w tle - status sprawdzisz w logs\middleware.log (np. czy polaczyl sie z PLC).
[2026-08-28 17:02:00] === Linia Montazowa LEGO - restart uslug (tryb w tle) ===
[2026-08-28 17:02:00] Zatrzymuje stare procesy (jesli dzialaja)...
[2026-08-28 17:02:02] Uruchamiam Dashboard na http://localhost:5200 (w tle)...
[2026-08-28 17:02:02] Uruchamiam Middleware (polaczenie z PLC) w tle...
[2026-08-28 17:02:03] Czekam az strona wstanie...
[2026-08-28 17:02:04] Gotowe! Strona dziala pod http://localhost:5200 (dziala w tle, brak okien).
[2026-08-28 17:02:04] Middleware dziala w tle - status sprawdzisz w logs\middleware.log (np. czy polaczyl sie z PLC).
[2026-08-28 17:33:40] === Linia Montazowa LEGO - restart uslug (tryb w tle) ===
[2026-08-28 17:33:40] Zatrzymuje stare procesy (jesli dzialaja)...
[2026-08-28 17:33:42] Uruchamiam Dashboard na http://localhost:5200 (w tle)...
[2026-08-28 17:33:42] Uruchamiam Middleware (polaczenie z PLC) w tle...
[2026-08-28 17:33:43] Czekam az strona wstanie...
[2026-08-28 17:33:43] Gotowe! Strona dziala pod http://localhost:5200 (dziala w tle, brak okien).
[2026-08-28 17:33:43] Middleware dziala w tle - status sprawdzisz w logs\middleware.log (np. czy polaczyl sie z PLC).
[2026-08-28 17:36:09] === Linia Montazowa LEGO - restart uslug (tryb w tle) ===
[2026-08-28 17:36:09] Zatrzymuje stare procesy (jesli dzialaja)...
[2026-08-28 17:36:11] Uruchamiam Dashboard na http://localhost:5200 (w tle)...
[2026-08-28 17:36:11] Uruchamiam Middleware (polaczenie z PLC) w tle...
[2026-08-28 17:36:11] Czekam az strona wstanie...
[2026-08-28 17:36:12] Gotowe! Strona dziala pod http://localhost:5200 (dziala w tle, brak okien).
[2026-08-28 17:36:12] Middleware dziala w tle - status sprawdzisz w logs\middleware.log (np. czy polaczyl sie z PLC).
[2026-08-28 17:39:44] === Linia Montazowa LEGO - restart uslug (tryb w tle) ===
[2026-08-28 17:39:44] Zatrzymuje stare procesy (jesli dzialaja)...
[2026-08-28 17:39:46] Uruchamiam Dashboard na http://localhost:5200 (w tle)...
[2026-08-28 17:39:46] Uruchamiam Middleware (polaczenie z PLC) w tle...
[2026-08-28 17:39:46] Czekam az strona wstanie...
[2026-08-28 17:39:47] Gotowe! Strona dziala pod http://localhost:5200 (dziala w tle, brak okien).
[2026-08-28 17:39:47] Middleware dziala w tle - status sprawdzisz w logs\middleware.log (np. czy polaczyl sie z PLC).
[2026-08-28 18:14:33] === Linia Montazowa LEGO - restart uslug (tryb w tle) ===
[2026-08-28 18:14:33] Zatrzymuje stare procesy (jesli dzialaja)...
[2026-08-28 18:14:35] Uruchamiam Dashboard na http://localhost:5200 (w tle)...
[2026-08-28 18:14:35] Uruchamiam Middleware (polaczenie z PLC) w tle...
[2026-08-28 18:14:35] Czekam az strona wstanie...
[2026-08-28 18:14:36] Gotowe! Strona dziala pod http://localhost:5200 (dziala w tle, brak okien).
[2026-08-28 18:14:36] Middleware dziala w tle - status sprawdzisz w logs\middleware.log (np. czy polaczyl sie z PLC).
[2026-08-28 18:35:18] === Linia Montazowa LEGO - restart uslug (tryb w tle) ===
[2026-08-28 18:35:18] Zatrzymuje stare procesy (jesli dzialaja)...
[2026-08-28 18:35:20] Uruchamiam Dashboard na http://localhost:5200 (w tle)...
[2026-08-28 18:35:20] Uruchamiam Middleware (polaczenie z PLC) w tle...
[2026-08-28 18:35:21] Czekam az strona wstanie...
[2026-08-28 18:35:22] Gotowe! Strona dziala pod http://localhost:5200 (dziala w tle, brak okien).
[2026-08-28 18:35:22] Middleware dziala w tle - status sprawdzisz w logs\middleware.log (np. czy polaczyl sie z PLC).
[2026-08-28 18:37:06] === Linia Montazowa LEGO - restart uslug (tryb w tle) ===
[2026-08-28 18:37:06] Zatrzymuje stare procesy (jesli dzialaja)...
[2026-08-28 18:37:08] Uruchamiam Dashboard na http://localhost:5200 (w tle)...
[2026-08-28 18:37:08] Uruchamiam Middleware (polaczenie z PLC) w tle...
[2026-08-28 18:37:08] Czekam az strona wstanie...
[2026-08-28 18:37:09] Gotowe! Strona dziala pod http://localhost:5200 (dziala w tle, brak okien).
[2026-08-28 18:37:09] Middleware dziala w tle - status sprawdzisz w logs\middleware.log (np. czy polaczyl sie z PLC).
[2026-08-28 18:47:17] === Linia Montazowa LEGO - restart uslug (tryb w tle) ===
[2026-08-28 18:47:17] Zatrzymuje stare procesy (jesli dzialaja)...
[2026-08-28 18:47:19] Uruchamiam Dashboard na http://localhost:5200 (w tle)...
[2026-08-28 18:47:19] Uruchamiam Middleware (polaczenie z PLC) w tle...
[2026-08-28 18:47:19] Czekam az strona wstanie...
[2026-08-28 18:47:20] Gotowe! Strona dziala pod http://localhost:5200 (dziala w tle, brak okien).
[2026-08-28 18:47:20] Middleware dziala w tle - status sprawdzisz w logs\middleware.log (np. czy polaczyl sie z PLC).
[2026-08-28 18:51:40] === Linia Montazowa LEGO - restart uslug (tryb w tle) ===
[2026-08-28 18:51:40] Zatrzymuje stare procesy (jesli dzialaja)...
[2026-08-28 18:51:42] Uruchamiam Dashboard na http://localhost:5200 (w tle)...
[2026-08-28 18:51:43] Uruchamiam Middleware (polaczenie z PLC) w tle...
[2026-08-28 18:51:43] Czekam az strona wstanie...
[2026-08-28 18:51:44] Gotowe! Strona dziala pod http://localhost:5200 (dziala w tle, brak okien).
[2026-08-28 18:51:44] Middleware dziala w tle - status sprawdzisz w logs\middleware.log (np. czy polaczyl sie z PLC).
[2026-08-28 18:56:43] === Linia Montazowa LEGO - restart uslug (tryb w tle) ===
[2026-08-28 18:56:43] Zatrzymuje stare procesy (jesli dzialaja)...
[2026-08-28 18:56:45] Uruchamiam Dashboard na http://localhost:5200 (w tle)...
[2026-08-28 18:56:45] Uruchamiam Middleware (polaczenie z PLC) w tle...
[2026-08-28 18:56:45] Czekam az strona wstanie...
[2026-08-28 18:56:47] Gotowe! Strona dziala pod http://localhost:5200 (dziala w tle, brak okien).
[2026-08-28 18:56:47] Middleware dziala w tle - status sprawdzisz w logs\middleware.log (np. czy polaczyl sie z PLC).
[2026-08-28 19:11:33] === Linia Montazowa LEGO - restart uslug (tryb w tle) ===
[2026-08-28 19:11:33] Zatrzymuje stare procesy (jesli dzialaja)...
[2026-08-28 19:11:35] Uruchamiam Dashboard na http://localhost:5200 (w tle)...
[2026-08-28 19:11:35] Uruchamiam Middleware (polaczenie z PLC) w tle...
[2026-08-28 19:11:35] Czekam az strona wstanie...
[2026-08-28 19:11:36] Gotowe! Strona dziala pod http://localhost:5200 (dziala w tle, brak okien).
[2026-08-28 19:11:36] Middleware dziala w tle - status sprawdzisz w logs\middleware.log (np. czy polaczyl sie z PLC).
[2026-08-28 19:38:45] === Linia Montazowa LEGO - restart uslug (tryb w tle) ===
[2026-08-28 19:38:45] Zatrzymuje stare procesy (jesli dzialaja)...
[2026-08-28 19:38:47] Uruchamiam Dashboard na http://localhost:5200 (w tle)...
[2026-08-28 19:38:48] Uruchamiam Middleware (polaczenie z PLC) w tle...
[2026-08-28 19:38:48] Czekam az strona wstanie...
[2026-08-28 19:38:49] Gotowe! Strona dziala pod http://localhost:5200 (dziala w tle, brak okien).
[2026-08-28 19:38:49] Middleware dziala w tle - status sprawdzisz w logs\middleware.log (np. czy polaczyl sie z PLC).
[2026-08-28 19:47:48] === Linia Montazowa LEGO - restart uslug (tryb w tle) ===
[2026-08-28 19:47:48] Zatrzymuje stare procesy (jesli dzialaja)...
[2026-08-28 19:47:50] Uruchamiam Dashboard na http://localhost:5200 (w tle)...
[2026-08-28 19:47:50] Uruchamiam Middleware (polaczenie z PLC) w tle...
[2026-08-28 19:47:50] Czekam az strona wstanie...
[2026-08-28 19:47:52] Gotowe! Strona dziala pod http://localhost:5200 (dziala w tle, brak okien).
[2026-08-28 19:47:52] Middleware dziala w tle - status sprawdzisz w logs\middleware.log (np. czy polaczyl sie z PLC).
[2026-08-28 20:08:59] === Linia Montazowa LEGO - restart uslug (tryb w tle) ===
[2026-08-28 20:08:59] Zatrzymuje stare procesy (jesli dzialaja)...
[2026-08-28 20:09:01] Uruchamiam Dashboard na http://localhost:5200 (w tle)...
[2026-08-28 20:09:01] Uruchamiam Middleware (polaczenie z PLC) w tle...
[2026-08-28 20:09:01] Czekam az strona wstanie...
[2026-08-28 20:09:02] Gotowe! Strona dziala pod http://localhost:5200 (dziala w tle, brak okien).
[2026-08-28 20:09:02] Middleware dziala w tle - status sprawdzisz w logs\middleware.log (np. czy polaczyl sie z PLC).
[2026-08-28 20:23:18] === Linia Montazowa LEGO - restart uslug (tryb w tle) ===
[2026-08-28 20:23:18] Zatrzymuje stare procesy (jesli dzialaja)...
[2026-08-28 20:23:20] Uruchamiam Dashboard na http://localhost:5200 (w tle)...
[2026-08-28 20:23:20] Uruchamiam Middleware (polaczenie z PLC) w tle...
[2026-08-28 20:23:20] Czekam az strona wstanie...
[2026-08-28 20:23:21] Gotowe! Strona dziala pod http://localhost:5200 (dziala w tle, brak okien).
[2026-08-28 20:23:21] Middleware dziala w tle - status sprawdzisz w logs\middleware.log (np. czy polaczyl sie z PLC).
[2026-08-28 20:30:48] === Linia Montazowa LEGO - restart uslug (tryb w tle) ===
[2026-08-28 20:30:48] Zatrzymuje stare procesy (jesli dzialaja)...
[2026-08-28 20:30:50] Uruchamiam Dashboard na http://localhost:5200 (w tle)...
[2026-08-28 20:30:50] Uruchamiam Middleware (polaczenie z PLC) w tle...
[2026-08-28 20:30:51] Czekam az strona wstanie...
[2026-08-28 20:30:52] Gotowe! Strona dziala pod http://localhost:5200 (dziala w tle, brak okien).
[2026-08-28 20:30:52] Middleware dziala w tle - status sprawdzisz w logs\middleware.log (np. czy polaczyl sie z PLC).
[2026-08-28 20:40:18] === Linia Montazowa LEGO - restart uslug (tryb w tle) ===
[2026-08-28 20:40:18] Zatrzymuje stare procesy (jesli dzialaja)...
[2026-08-28 20:40:20] Uruchamiam Dashboard na http://localhost:5200 (w tle)...
[2026-08-28 20:40:20] Uruchamiam Middleware (polaczenie z PLC) w tle...
[2026-08-28 20:40:20] Czekam az strona wstanie...
[2026-08-28 20:40:20] Gotowe! Strona dziala pod http://localhost:5200 (dziala w tle, brak okien).
[2026-08-28 20:40:20] Middleware dziala w tle - status sprawdzisz w logs\middleware.log (np. czy polaczyl sie z PLC).
[2026-08-28 20:45:24] === Linia Montazowa LEGO - restart uslug (tryb w tle) ===
[2026-08-28 20:45:24] Zatrzymuje stare procesy (jesli dzialaja)...
[2026-08-28 20:45:26] Uruchamiam Dashboard na http://localhost:5200 (w tle)...
[2026-08-28 20:45:26] Uruchamiam Middleware (polaczenie z PLC) w tle...
[2026-08-28 20:45:26] Czekam az strona wstanie...
[2026-08-28 20:45:27] Gotowe! Strona dziala pod http://localhost:5200 (dziala w tle, brak okien).
[2026-08-28 20:45:27] Middleware dziala w tle - status sprawdzisz w logs\middleware.log (np. czy polaczyl sie z PLC).
[2026-08-28 20:52:56] === Linia Montazowa LEGO - restart uslug (tryb w tle) ===
[2026-08-28 20:52:56] Zatrzymuje stare procesy (jesli dzialaja)...
[2026-08-28 20:52:58] Uruchamiam Dashboard na http://localhost:5200 (w tle)...
[2026-08-28 20:52:58] Uruchamiam Middleware (polaczenie z PLC) w tle...
[2026-08-28 20:52:58] Czekam az strona wstanie...
[2026-08-28 20:52:59] Gotowe! Strona dziala pod http://localhost:5200 (dziala w tle, brak okien).
[2026-08-28 20:52:59] Middleware dziala w tle - status sprawdzisz w logs\middleware.log (np. czy polaczyl sie z PLC).
[2026-08-28 20:55:36] === Linia Montazowa LEGO - restart uslug (tryb w tle) ===
[2026-08-28 20:55:36] Zatrzymuje stare procesy (jesli dzialaja)...
[2026-08-28 20:55:38] Uruchamiam Dashboard na http://localhost:5200 (w tle)...
[2026-08-28 20:55:38] Uruchamiam Middleware (polaczenie z PLC) w tle...
[2026-08-28 20:55:38] Czekam az strona wstanie...
[2026-08-28 20:55:39] Gotowe! Strona dziala pod http://localhost:5200 (dziala w tle, brak okien).
[2026-08-28 20:55:39] Middleware dziala w tle - status sprawdzisz w logs\middleware.log (np. czy polaczyl sie z PLC).
[2026-08-28 21:01:57] === Linia Montazowa LEGO - restart uslug (tryb w tle) ===
[2026-08-28 21:01:57] Zatrzymuje stare procesy (jesli dzialaja)...
[2026-08-28 21:01:59] Uruchamiam Dashboard na http://localhost:5200 (w tle)...
[2026-08-28 21:01:59] Uruchamiam Middleware (polaczenie z PLC) w tle...
[2026-08-28 21:01:59] Czekam az strona wstanie...
[2026-08-28 21:02:00] Gotowe! Strona dziala pod http://localhost:5200 (dziala w tle, brak okien).
[2026-08-28 21:02:00] Middleware dziala w tle - status sprawdzisz w logs\middleware.log (np. czy polaczyl sie z PLC).
[2026-08-28 21:08:44] === Linia Montazowa LEGO - restart uslug (tryb w tle) ===
[2026-08-28 21:08:44] Zatrzymuje stare procesy (jesli dzialaja)...
[2026-08-28 21:08:46] Uruchamiam Dashboard na http://localhost:5200 (w tle)...
[2026-08-28 21:08:46] Uruchamiam Middleware (polaczenie z PLC) w tle...
[2026-08-28 21:08:46] Czekam az strona wstanie...
[2026-08-28 21:08:47] Gotowe! Strona dziala pod http://localhost:5200 (dziala w tle, brak okien).
[2026-08-28 21:08:47] Middleware dziala w tle - status sprawdzisz w logs\middleware.log (np. czy polaczyl sie z PLC).
[2026-08-28 21:12:28] === Linia Montazowa LEGO - restart uslug (tryb w tle) ===
[2026-08-28 21:12:28] Zatrzymuje stare procesy (jesli dzialaja)...
[2026-08-28 21:12:30] Uruchamiam Dashboard na http://localhost:5200 (w tle)...
[2026-08-28 21:12:30] Uruchamiam Middleware (polaczenie z PLC) w tle...
[2026-08-28 21:12:30] Czekam az strona wstanie...
[2026-08-28 21:12:32] Gotowe! Strona dziala pod http://localhost:5200 (dziala w tle, brak okien).
[2026-08-28 21:12:32] Middleware dziala w tle - status sprawdzisz w logs\middleware.log (np. czy polaczyl sie z PLC).
[2026-08-28 21:27:05] === Linia Montazowa LEGO - restart uslug (tryb w tle) ===
[2026-08-28 21:27:05] Zatrzymuje stare procesy (jesli dzialaja)...
[2026-08-28 21:27:07] Uruchamiam Dashboard na http://localhost:5200 (w tle)...
[2026-08-28 21:27:07] Uruchamiam Middleware (polaczenie z PLC) w tle...
[2026-08-28 21:27:07] Czekam az strona wstanie...
[2026-08-28 21:27:09] Gotowe! Strona dziala pod http://localhost:5200 (dziala w tle, brak okien).
[2026-08-28 21:27:09] Middleware dziala w tle - status sprawdzisz w logs\middleware.log (np. czy polaczyl sie z PLC).
[2026-08-29 00:56:19] === Linia Montazowa LEGO - restart uslug (tryb w tle) ===
[2026-08-29 00:56:19] Zatrzymuje stare procesy (jesli dzialaja)...
[2026-08-29 00:56:21] Uruchamiam Dashboard na http://localhost:5200 (w tle)...
[2026-08-29 00:56:21] Uruchamiam Middleware (polaczenie z PLC) w tle...
[2026-08-29 00:56:21] Czekam az strona wstanie...
[2026-08-29 00:56:21] Gotowe! Strona dziala pod http://localhost:5200 (dziala w tle, brak okien).
[2026-08-29 00:56:21] Middleware dziala w tle - status sprawdzisz w logs\middleware.log (np. czy polaczyl sie z PLC).
[2026-08-29 01:12:49] === Linia Montazowa LEGO - restart uslug (tryb w tle) ===
[2026-08-29 01:12:49] Zatrzymuje stare procesy (jesli dzialaja)...
[2026-08-29 01:12:51] Uruchamiam Dashboard na http://localhost:5200 (w tle)...
[2026-08-29 01:12:51] Uruchamiam Middleware (polaczenie z PLC) w tle...
[2026-08-29 01:12:51] Czekam az strona wstanie...
[2026-08-29 01:12:52] Gotowe! Strona dziala pod http://localhost:5200 (dziala w tle, brak okien).
[2026-08-29 01:12:52] Middleware dziala w tle - status sprawdzisz w logs\middleware.log (np. czy polaczyl sie z PLC).
[2026-08-29 01:18:47] === Linia Montazowa LEGO - restart uslug (tryb w tle) ===
[2026-08-29 01:18:47] Zatrzymuje stare procesy (jesli dzialaja)...
[2026-08-29 01:18:49] Uruchamiam Dashboard na http://localhost:5200 (w tle)...
[2026-08-29 01:18:49] Uruchamiam Middleware (polaczenie z PLC) w tle...
[2026-08-29 01:18:49] Czekam az strona wstanie...
[2026-08-29 01:18:51] Gotowe! Strona dziala pod http://localhost:5200 (dziala w tle, brak okien).
[2026-08-29 01:18:51] Middleware dziala w tle - status sprawdzisz w logs\middleware.log (np. czy polaczyl sie z PLC).
[2026-08-29 11:35:18] === Linia Montazowa LEGO - restart uslug (tryb w tle) ===
[2026-08-29 11:35:19] Zatrzymuje stare procesy (jesli dzialaja)...
[2026-08-29 11:35:21] Uruchamiam Dashboard na http://localhost:5200 (w tle)...
[2026-08-29 11:35:21] Uruchamiam Middleware (polaczenie z PLC) w tle...
[2026-08-29 11:35:21] Czekam az strona wstanie...
[2026-08-29 11:35:25] Gotowe! Strona dziala pod http://localhost:5200 (dziala w tle, brak okien).
[2026-08-29 11:35:25] Middleware dziala w tle - status sprawdzisz w logs\middleware.log (np. czy polaczyl sie z PLC).
[2026-08-29 11:59:01] === Linia Montazowa LEGO - restart uslug (tryb w tle) ===
[2026-08-29 11:59:01] Zatrzymuje stare procesy (jesli dzialaja)...
[2026-08-29 11:59:03] Uruchamiam Dashboard na http://localhost:5200 (w tle)...
[2026-08-29 11:59:03] Uruchamiam Middleware (polaczenie z PLC) w tle...
[2026-08-29 11:59:03] Czekam az strona wstanie...
[2026-08-29 11:59:05] Gotowe! Strona dziala pod http://localhost:5200 (dziala w tle, brak okien).
[2026-08-29 11:59:05] Middleware dziala w tle - status sprawdzisz w logs\middleware.log (np. czy polaczyl sie z PLC).
[2026-08-29 12:01:00] === Linia Montazowa LEGO - restart uslug (tryb w tle) ===
[2026-08-29 12:01:00] Zatrzymuje stare procesy (jesli dzialaja)...
[2026-08-29 12:01:02] Uruchamiam Dashboard na http://localhost:5200 (w tle)...
[2026-08-29 12:01:02] Uruchamiam Middleware (polaczenie z PLC) w tle...
[2026-08-29 12:01:02] Czekam az strona wstanie...
[2026-08-29 12:01:02] Gotowe! Strona dziala pod http://localhost:5200 (dziala w tle, brak okien).
[2026-08-29 12:01:02] Middleware dziala w tle - status sprawdzisz w logs\middleware.log (np. czy polaczyl sie z PLC).
[2026-08-29 12:02:45] === Linia Montazowa LEGO - restart uslug (tryb w tle) ===
[2026-08-29 12:02:45] Zatrzymuje stare procesy (jesli dzialaja)...
[2026-08-29 12:02:48] Uruchamiam Dashboard na http://localhost:5200 (w tle)...
[2026-08-29 12:02:48] Uruchamiam Middleware (polaczenie z PLC) w tle...
[2026-08-29 12:02:48] Czekam az strona wstanie...
[2026-08-29 12:02:48] Gotowe! Strona dziala pod http://localhost:5200 (dziala w tle, brak okien).
[2026-08-29 12:02:48] Middleware dziala w tle - status sprawdzisz w logs\middleware.log (np. czy polaczyl sie z PLC).
[2026-08-29 12:09:40] === Linia Montazowa LEGO - restart uslug (tryb w tle) ===
[2026-08-29 12:09:40] Zatrzymuje stare procesy (jesli dzialaja)...
[2026-08-29 12:09:42] Uruchamiam Dashboard na http://localhost:5200 (w tle)...
[2026-08-29 12:09:42] Uruchamiam Middleware (polaczenie z PLC) w tle...
[2026-08-29 12:09:42] Czekam az strona wstanie...
[2026-08-29 12:09:43] Gotowe! Strona dziala pod http://localhost:5200 (dziala w tle, brak okien).
[2026-08-29 12:09:43] Middleware dziala w tle - status sprawdzisz w logs\middleware.log (np. czy polaczyl sie z PLC).
[2026-08-29 12:48:36] === Linia Montazowa LEGO - restart uslug (tryb w tle) ===
[2026-08-29 12:48:36] Zatrzymuje stare procesy (jesli dzialaja)...
[2026-08-29 12:48:38] Uruchamiam Dashboard na http://localhost:5200 (w tle)...
[2026-08-29 12:48:38] Uruchamiam Middleware (polaczenie z PLC) w tle...
[2026-08-29 12:48:38] Czekam az strona wstanie...
[2026-08-29 12:48:40] Gotowe! Strona dziala pod http://localhost:5200 (dziala w tle, brak okien).
[2026-08-29 12:48:40] Middleware dziala w tle - status sprawdzisz w logs\middleware.log (np. czy polaczyl sie z PLC).
[2026-08-29 12:57:21] === Linia Montazowa LEGO - restart uslug (tryb w tle) ===
[2026-08-29 12:57:21] Zatrzymuje stare procesy (jesli dzialaja)...
[2026-08-29 12:57:23] Uruchamiam Dashboard na http://localhost:5200 (w tle)...
[2026-08-29 12:57:23] Uruchamiam Middleware (polaczenie z PLC) w tle...
[2026-08-29 12:57:23] Czekam az strona wstanie...
[2026-08-29 12:57:24] Gotowe! Strona dziala pod http://localhost:5200 (dziala w tle, brak okien).
[2026-08-29 12:57:24] Middleware dziala w tle - status sprawdzisz w logs\middleware.log (np. czy polaczyl sie z PLC).
[2026-08-29 13:14:04] === Linia Montazowa LEGO - restart uslug (tryb w tle) ===
[2026-08-29 13:14:04] Zatrzymuje stare procesy (jesli dzialaja)...
[2026-08-29 13:14:07] Uruchamiam Dashboard na http://localhost:5200 (w tle)...
[2026-08-29 13:14:07] Uruchamiam Middleware (polaczenie z PLC) w tle...
[2026-08-29 13:14:07] Czekam az strona wstanie...
[2026-08-29 13:14:08] Gotowe! Strona dziala pod http://localhost:5200 (dziala w tle, brak okien).
[2026-08-29 13:14:08] Middleware dziala w tle - status sprawdzisz w logs\middleware.log (np. czy polaczyl sie z PLC).
[2026-08-29 13:29:34] === Linia Montazowa LEGO - restart uslug (tryb w tle) ===
[2026-08-29 13:29:34] Zatrzymuje stare procesy (jesli dzialaja)...
[2026-08-29 13:29:36] Uruchamiam Dashboard na http://localhost:5200 (w tle)...
[2026-08-29 13:29:36] Uruchamiam Middleware (polaczenie z PLC) w tle...
[2026-08-29 13:29:36] Czekam az strona wstanie...
[2026-08-29 13:29:37] Gotowe! Strona dziala pod http://localhost:5200 (dziala w tle, brak okien).
[2026-08-29 13:29:37] Middleware dziala w tle - status sprawdzisz w logs\middleware.log (np. czy polaczyl sie z PLC).
[2026-08-29 13:45:13] === Linia Montazowa LEGO - restart uslug (tryb w tle) ===
[2026-08-29 13:45:13] Zatrzymuje stare procesy (jesli dzialaja)...
[2026-08-29 13:45:15] Uruchamiam Dashboard na http://localhost:5200 (w tle)...
[2026-08-29 13:45:15] Uruchamiam Middleware (polaczenie z PLC) w tle...
[2026-08-29 13:45:15] Czekam az strona wstanie...
[2026-08-29 13:45:16] Gotowe! Strona dziala pod http://localhost:5200 (dziala w tle, brak okien).
[2026-08-29 13:45:16] Middleware dziala w tle - status sprawdzisz w logs\middleware.log (np. czy polaczyl sie z PLC).
[2026-08-29 14:14:43] === Linia Montazowa LEGO - restart uslug (tryb w tle) ===
[2026-08-29 14:14:43] Zatrzymuje stare procesy (jesli dzialaja)...
[2026-08-29 14:14:45] Uruchamiam Dashboard na http://localhost:5200 (w tle)...
[2026-08-29 14:14:45] Uruchamiam Middleware (polaczenie z PLC) w tle...
[2026-08-29 14:14:45] Czekam az strona wstanie...
[2026-08-29 14:14:46] Gotowe! Strona dziala pod http://localhost:5200 (dziala w tle, brak okien).
[2026-08-29 14:14:46] Middleware dziala w tle - status sprawdzisz w logs\middleware.log (np. czy polaczyl sie z PLC).
[2026-08-29 14:19:35] === Linia Montazowa LEGO - restart uslug (tryb w tle) ===
[2026-08-29 14:19:35] Zatrzymuje stare procesy (jesli dzialaja)...
[2026-08-29 14:19:37] Uruchamiam Dashboard na http://localhost:5200 (w tle)...
[2026-08-29 14:19:37] Uruchamiam Middleware (polaczenie z PLC) w tle...
[2026-08-29 14:19:37] Czekam az strona wstanie...
[2026-08-29 14:19:38] Gotowe! Strona dziala pod http://localhost:5200 (dziala w tle, brak okien).
[2026-08-29 14:19:38] Middleware dziala w tle - status sprawdzisz w logs\middleware.log (np. czy polaczyl sie z PLC).
[2026-08-29 14:43:13] === Linia Montazowa LEGO - restart uslug (tryb w tle) ===
[2026-08-29 14:43:13] Zatrzymuje stare procesy (jesli dzialaja)...
[2026-08-29 14:43:15] Uruchamiam Dashboard na http://localhost:5200 (w tle)...
[2026-08-29 14:43:15] Uruchamiam Middleware (polaczenie z PLC) w tle...
[2026-08-29 14:43:15] Czekam az strona wstanie...
[2026-08-29 14:43:18] Gotowe! Strona dziala pod http://localhost:5200 (dziala w tle, brak okien).
[2026-08-29 14:43:18] Middleware dziala w tle - status sprawdzisz w logs\middleware.log (np. czy polaczyl sie z PLC).
[2026-08-29 15:02:14] === Linia Montazowa LEGO - restart uslug (tryb w tle) ===
[2026-08-29 15:02:14] Zatrzymuje stare procesy (jesli dzialaja)...
[2026-08-29 15:02:16] Uruchamiam Dashboard na http://localhost:5200 (w tle)...
[2026-08-29 15:02:16] Uruchamiam Middleware (polaczenie z PLC) w tle...
[2026-08-29 15:02:16] Czekam az strona wstanie...
[2026-08-29 15:02:17] Gotowe! Strona dziala pod http://localhost:5200 (dziala w tle, brak okien).
[2026-08-29 15:02:17] Middleware dziala w tle - status sprawdzisz w logs\middleware.log (np. czy polaczyl sie z PLC).
[2026-08-29 15:46:17] === Linia Montazowa LEGO - restart uslug (tryb w tle) ===
[2026-08-29 15:46:17] Zatrzymuje stare procesy (jesli dzialaja)...
[2026-08-29 15:46:20] Uruchamiam Dashboard na http://localhost:5200 (w tle)...
[2026-08-29 15:46:20] Uruchamiam Middleware (polaczenie z PLC) w tle...
[2026-08-29 15:46:20] Czekam az strona wstanie...
[2026-08-29 15:46:21] Gotowe! Strona dziala pod http://localhost:5200 (dziala w tle, brak okien).
[2026-08-29 15:46:21] Middleware dziala w tle - status sprawdzisz w logs\middleware.log (np. czy polaczyl sie z PLC).
[2026-08-29 15:54:56] === Linia Montazowa LEGO - restart uslug (tryb w tle) ===
[2026-08-29 15:54:56] Zatrzymuje stare procesy (jesli dzialaja)...
[2026-08-29 15:54:58] Uruchamiam Dashboard na http://localhost:5200 (w tle)...
[2026-08-29 15:54:59] Uruchamiam Middleware (polaczenie z PLC) w tle...
[2026-08-29 15:54:59] Czekam az strona wstanie...
[2026-08-29 15:55:00] Gotowe! Strona dziala pod http://localhost:5200 (dziala w tle, brak okien).
[2026-08-29 15:55:00] Middleware dziala w tle - status sprawdzisz w logs\middleware.log (np. czy polaczyl sie z PLC).
[2026-08-29 16:05:33] === Linia Montazowa LEGO - restart uslug (tryb w tle) ===
[2026-08-29 16:05:33] Zatrzymuje stare procesy (jesli dzialaja)...
[2026-08-29 16:05:35] Uruchamiam Dashboard na http://localhost:5200 (w tle)...
[2026-08-29 16:05:35] Uruchamiam Middleware (polaczenie z PLC) w tle...
[2026-08-29 16:05:35] Czekam az strona wstanie...
[2026-08-29 16:05:36] Gotowe! Strona dziala pod http://localhost:5200 (dziala w tle, brak okien).
[2026-08-29 16:05:36] Middleware dziala w tle - status sprawdzisz w logs\middleware.log (np. czy polaczyl sie z PLC).
[2026-08-29 16:23:26] === Linia Montazowa LEGO - restart uslug (tryb w tle) ===
[2026-08-29 16:23:26] Zatrzymuje stare procesy (jesli dzialaja)...
[2026-08-29 16:23:28] Uruchamiam Dashboard na http://localhost:5200 (w tle)...
[2026-08-29 16:23:28] Uruchamiam Middleware (polaczenie z PLC) w tle...
[2026-08-29 16:23:28] Czekam az strona wstanie...
[2026-08-29 16:23:29] Gotowe! Strona dziala pod http://localhost:5200 (dziala w tle, brak okien).
[2026-08-29 16:23:29] Middleware dziala w tle - status sprawdzisz w logs\middleware.log (np. czy polaczyl sie z PLC).
[2026-08-29 16:39:29] === Linia Montazowa LEGO - restart uslug (tryb w tle) ===
[2026-08-29 16:39:29] Zatrzymuje stare procesy (jesli dzialaja)...
[2026-08-29 16:39:31] Uruchamiam Dashboard na http://localhost:5200 (w tle)...
[2026-08-29 16:39:31] Uruchamiam Middleware (polaczenie z PLC) w tle...
[2026-08-29 16:39:31] Czekam az strona wstanie...
[2026-08-29 16:39:33] Gotowe! Strona dziala pod http://localhost:5200 (dziala w tle, brak okien).
[2026-08-29 16:39:33] Middleware dziala w tle - status sprawdzisz w logs\middleware.log (np. czy polaczyl sie z PLC).
[2026-08-29 16:44:18] === Linia Montazowa LEGO - restart uslug (tryb w tle) ===
[2026-08-29 16:44:18] Zatrzymuje stare procesy (jesli dzialaja)...
[2026-08-29 16:44:20] Uruchamiam Dashboard na http://localhost:5200 (w tle)...
[2026-08-29 16:44:20] Uruchamiam Middleware (polaczenie z PLC) w tle...
[2026-08-29 16:44:20] Czekam az strona wstanie...
[2026-08-29 16:44:22] Gotowe! Strona dziala pod http://localhost:5200 (dziala w tle, brak okien).
[2026-08-29 16:44:22] Middleware dziala w tle - status sprawdzisz w logs\middleware.log (np. czy polaczyl sie z PLC).
[2026-08-30 19:15:58] === Linia Montazowa LEGO - restart uslug (tryb w tle) ===
[2026-08-30 19:15:58] Zatrzymuje stare procesy (jesli dzialaja)...
[2026-08-30 19:16:00] Uruchamiam Dashboard na http://localhost:5200 (w tle)...
[2026-08-30 19:16:00] Uruchamiam Middleware (polaczenie z PLC) w tle...
[2026-08-30 19:16:00] Czekam az strona wstanie...
[2026-08-30 19:16:01] Gotowe! Strona dziala pod http://localhost:5200 (dziala w tle, brak okien).
[2026-08-30 19:16:01] Middleware dziala w tle - status sprawdzisz w logs\middleware.log (np. czy polaczyl sie z PLC).
